[    0.000000] Initializing cgroup subsys cpuset
[    0.000000] Initializing cgroup subsys cpu
[    0.000000] Initializing cgroup subsys cpuacct
[    0.000000] Linux version 4.4.0-59-generic (buildd@lgw01-11) (gcc version 5.4.0 20160609 (Ubuntu 5.4.0-6ubuntu1~16.04.4) ) #80-Ubuntu SMP Fri Jan 6 17:47:47 UTC 2017 (Ubuntu 4.4.0-59.80-generic 4.4.35)
[    0.000000] Command line: BOOT_IMAGE=/boot/vmlinuz-4.4.0-59-generic root=LABEL=cloudimg-rootfs ro console=tty1 console=ttyS0
[    0.000000] KERNEL supported cpus:
[    0.000000]   Intel GenuineIntel
[    0.000000]   AMD AuthenticAMD
[    0.000000]   Centaur CentaurHauls
[    0.000000] x86/fpu: xstate_offset[2]:  576, xstate_sizes[2]:  256
[    0.000000] x86/fpu: Supporting XSAVE feature 0x01: 'x87 floating point registers'
[    0.000000] x86/fpu: Supporting XSAVE feature 0x02: 'SSE registers'
[    0.000000] x86/fpu: Supporting XSAVE feature 0x04: 'AVX registers'
[    0.000000] x86/fpu: Enabled xstate features 0x7, context size is 832 bytes, using 'standard' format.
[    0.000000] x86/fpu: Using 'lazy' FPU context switches.
[    0.000000] e820: BIOS-provided physical RAM map:
[    0.000000] BIOS-e820: [mem 0x0000000000000000-0x000000000009fbff] usable
[    0.000000] BIOS-e820: [mem 0x000000000009fc00-0x000000000009ffff] reserved
[    0.000000] BIOS-e820: [mem 0x00000000000f0000-0x00000000000fffff] reserved
[    0.000000] BIOS-e820: [mem 0x0000000000100000-0x00000000dffeffff] usable
[    0.000000] BIOS-e820: [mem 0x00000000dfff0000-0x00000000dfffffff] ACPI data
[    0.000000] BIOS-e820: [mem 0x00000000fec00000-0x00000000fec00fff] reserved
[    0.000000] BIOS-e820: [mem 0x00000000fee00000-0x00000000fee00fff] reserved
[    0.000000] BIOS-e820: [mem 0x00000000fffc0000-0x00000000ffffffff] reserved
[    0.000000] BIOS-e820: [mem 0x0000000100000000-0x000000011fffffff] usable
[    0.000000] NX (Execute Disable) protection: active
[    0.000000] SMBIOS 2.5 present.
[    0.000000] Hypervisor detected: KVM
[    0.000000] e820: last_pfn = 0x120000 max_arch_pfn = 0x400000000
[    0.000000] MTRR: Disabled
[    0.000000] x86/PAT: MTRRs disabled, skipping PAT initialization too.
[    0.000000] x86/PAT: Configuration [0-7]: WB  WT  UC- UC  WB  WT  UC- UC  
[    0.000000] CPU MTRRs all blank - virtualized system.
[    0.000000] e820: last_pfn = 0xdfff0 max_arch_pfn = 0x400000000
[    0.000000] found SMP MP-table at [mem 0x0009fff0-0x0009ffff] mapped at [ffff88000009fff0]
[    0.000000] Scanning 1 areas for low memory corruption
[    0.000000] RAMDISK: [mem 0x36b62000-0x375a8fff]
[    0.000000] ACPI: Early table checksum verification disabled
[    0.000000] ACPI: RSDP 0x00000000000E0000 000024 (v02 VBOX  )
[    0.000000] ACPI: XSDT 0x00000000DFFF0030 00003C (v01 VBOX   VBOXXSDT 00000001 ASL  00000061)
[    0.000000] ACPI: FACP 0x00000000DFFF00F0 0000F4 (v04 VBOX   VBOXFACP 00000001 ASL  00000061)
[    0.000000] ACPI: DSDT 0x00000000DFFF0470 00210F (v01 VBOX   VBOXBIOS 00000002 INTL 20100528)
[    0.000000] ACPI: FACS 0x00000000DFFF0200 000040
[    0.000000] ACPI: FACS 0x00000000DFFF0200 000040
[    0.000000] ACPI: APIC 0x00000000DFFF0240 00005C (v02 VBOX   VBOXAPIC 00000001 ASL  00000061)
[    0.000000] ACPI: SSDT 0x00000000DFFF02A0 0001CC (v01 VBOX   VBOXCPUT 00000002 INTL 20100528)
[    0.000000] No NUMA configuration found
[    0.000000] Faking a node at [mem 0x0000000000000000-0x000000011fffffff]
[    0.000000] NODE_DATA(0) allocated [mem 0x11fff7000-0x11fffbfff]
[    0.000000] kvm-clock: Using msrs 4b564d01 and 4b564d00
[    0.000000] kvm-clock: cpu 0, msr 1:1ffef001, primary cpu clock
[    0.000000] kvm-clock: using sched offset of 3188147585 cycles
[    0.000000] clocksource: kvm-clock: mask: 0xffffffffffffffff max_cycles: 0x1cd42e4dffb, max_idle_ns: 881590591483 ns
[    0.000000] Zone ranges:
[    0.000000]   DMA      [mem 0x0000000000001000-0x0000000000ffffff]
[    0.000000]   DMA32    [mem 0x0000000001000000-0x00000000ffffffff]
[    0.000000]   Normal   [mem 0x0000000100000000-0x000000011fffffff]
[    0.000000]   Device   empty
[    0.000000] Movable zone start for each node
[    0.000000] Early memory node ranges
[    0.000000]   node   0: [mem 0x0000000000001000-0x000000000009efff]
[    0.000000]   node   0: [mem 0x0000000000100000-0x00000000dffeffff]
[    0.000000]   node   0: [mem 0x0000000100000000-0x000000011fffffff]
[    0.000000] Initmem setup node 0 [mem 0x0000000000001000-0x000000011fffffff]
[    0.000000] ACPI: PM-Timer IO Port: 0x4008
[    0.000000] IOAPIC[0]: apic_id 2, version 32, address 0xfec00000, GSI 0-23
[    0.000000] ACPI: INT_SRC_OVR (bus 0 bus_irq 0 global_irq 2 dfl dfl)
[    0.000000] ACPI: INT_SRC_OVR (bus 0 bus_irq 9 global_irq 9 high level)
[    0.000000] Using ACPI (MADT) for SMP configuration information
[    0.000000] smpboot: Allowing 2 CPUs, 0 hotplug CPUs
[    0.000000] PM: Registered nosave memory: [mem 0x00000000-0x00000fff]
[    0.000000] PM: Registered nosave memory: [mem 0x0009f000-0x0009ffff]
[    0.000000] PM: Registered nosave memory: [mem 0x000a0000-0x000effff]
[    0.000000] PM: Registered nosave memory: [mem 0x000f0000-0x000fffff]
[    0.000000] PM: Registered nosave memory: [mem 0xdfff0000-0xdfffffff]
[    0.000000] PM: Registered nosave memory: [mem 0xe0000000-0xfebfffff]
[    0.000000] PM: Registered nosave memory: [mem 0xfec00000-0xfec00fff]
[    0.000000] PM: Registered nosave memory: [mem 0xfec01000-0xfedfffff]
[    0.000000] PM: Registered nosave memory: [mem 0xfee00000-0xfee00fff]
[    0.000000] PM: Registered nosave memory: [mem 0xfee01000-0xfffbffff]
[    0.000000] PM: Registered nosave memory: [mem 0xfffc0000-0xffffffff]
[    0.000000] e820: [mem 0xe0000000-0xfebfffff] available for PCI devices
[    0.000000] Booting paravirtualized kernel on KVM
[    0.000000] clocksource: refined-jiffies: mask: 0xffffffff max_cycles: 0xffffffff, max_idle_ns: 7645519600211568 ns
[    0.000000] setup_percpu: NR_CPUS:512 nr_cpumask_bits:512 nr_cpu_ids:2 nr_node_ids:1
[    0.000000] PERCPU: Embedded 33 pages/cpu @ffff88011fc00000 s98264 r8192 d28712 u1048576
[    0.000000] PV qspinlock hash table entries: 256 (order: 0, 4096 bytes)
[    0.000000] Built 1 zonelists in Node order, mobility grouping on.  Total pages: 1032057
[    0.000000] Policy zone: Normal
[    0.000000] Kernel command line: BOOT_IMAGE=/boot/vmlinuz-4.4.0-59-generic root=LABEL=cloudimg-rootfs ro console=tty1 console=ttyS0
[    0.000000] PID hash table entries: 4096 (order: 3, 32768 bytes)
[    0.000000] Memory: 4032568K/4193848K available (8436K kernel code, 1291K rwdata, 3960K rodata, 1488K init, 1316K bss, 161280K reserved, 0K cma-reserved)
[    0.000000] SLUB: HWalign=64, Order=0-3, MinObjects=0, CPUs=2, Nodes=1
[    0.000000] Hierarchical RCU implementation.
[    0.000000] 	Build-time adjustment of leaf fanout to 64.
[    0.000000] 	RCU restricting CPUs from NR_CPUS=512 to nr_cpu_ids=2.
[    0.000000] RCU: Adjusting geometry for rcu_fanout_leaf=64, nr_cpu_ids=2
[    0.000000] NR_IRQS:33024 nr_irqs:440 16
[    0.000000] Console: colour VGA+ 80x25
[    0.000000] console [tty1] enabled
[    0.000000] console [ttyS0] enabled
[    0.000000] tsc: Detected 2399.998 MHz processor
[    2.219418] Calibrating delay loop (skipped) preset value.. 4799.99 BogoMIPS (lpj=9599992)
[    2.267476] pid_max: default: 32768 minimum: 301
[    2.294359] ACPI: Core revision 20150930
[    2.323520] ACPI: 2 ACPI AML tables successfully acquired and loaded
[    2.352581] Security Framework initialized
[    2.377185] Yama: becoming mindful.
[    2.397899] AppArmor: AppArmor initialized
[    2.419806] Dentry cache hash table entries: 524288 (order: 10, 4194304 bytes)
[    2.477434] Inode-cache hash table entries: 262144 (order: 9, 2097152 bytes)
[    2.491309] Mount-cache hash table entries: 8192 (order: 4, 65536 bytes)
[    2.532051] Mountpoint-cache hash table entries: 8192 (order: 4, 65536 bytes)
[    2.591954] Initializing cgroup subsys io
[    2.609803] Initializing cgroup subsys memory
[    2.658694] Initializing cgroup subsys devices
[    2.694820] Initializing cgroup subsys freezer
[    2.732292] Initializing cgroup subsys net_cls
[    2.754169] Initializing cgroup subsys perf_event
[    2.768604] Initializing cgroup subsys net_prio
[    2.774503] Initializing cgroup subsys hugetlb
[    2.775579] Initializing cgroup subsys pids
[    2.815050] CPU: Physical Processor ID: 0
[    2.839345] CPU: Processor Core ID: 0
[    2.869922] mce: CPU supports 0 MCE banks
[    2.879142] Last level iTLB entries: 4KB 1024, 2MB 1024, 4MB 1024
[    2.935374] Last level dTLB entries: 4KB 1024, 2MB 1024, 4MB 1024, 1GB 4
[    2.957532] Freeing SMP alternatives memory: 32K (ffffffff820b8000 - ffffffff820c0000)
[    2.983105] ftrace: allocating 32064 entries in 126 pages
[    3.061813] smpboot: APIC(0) Converting physical 0 to logical package 0
[    3.074554] smpboot: Max logical packages: 1
[    3.104862] x2apic enabled
[    3.105856] Switched APIC routing to physical x2apic.
[    3.137334] ..TIMER: vector=0x30 apic1=0 pin1=2 apic2=-1 pin2=-1
[    3.282570] smpboot: CPU0: Intel(R) Core(TM) i5-4258U CPU @ 2.40GHz (family: 0x6, model: 0x45, stepping: 0x1)
[    3.388167] Performance Events: unsupported p6 CPU model 69 no PMU driver, software events only.
[    3.474216] KVM setup paravirtual spinlock
[    3.506941] x86: Booting SMP configuration:
[    3.517029] .... node  #0, CPUs:      #1
[    3.531698] kvm-clock: cpu 1, msr 1:1ffef041, secondary cpu clock
[    3.546543] mce: CPU supports 0 MCE banks
[    3.549290] x86: Booted up 1 node, 2 CPUs
[    3.600501] smpboot: Total of 2 processors activated (9599.99 BogoMIPS)
[    3.666832] devtmpfs: initialized
[    3.703325] evm: security.selinux
[    3.729238] evm: security.SMACK64
[    3.738128] evm: security.SMACK64EXEC
[    3.739132] evm: security.SMACK64TRANSMUTE
[    3.791882] evm: security.SMACK64MMAP
[    3.827409] evm: security.ima
[    3.859645] evm: security.capability
[    3.860871] clocksource: jiffies: mask: 0xffffffff max_cycles: 0xffffffff, max_idle_ns: 7645041785100000 ns
[    3.928203] pinctrl core: initialized pinctrl subsystem
[    3.954218] RTC time: 11:38:34, date: 01/20/17
[    3.979531] NET: Registered protocol family 16
[    4.006728] cpuidle: using governor ladder
[    4.030155] cpuidle: using governor menu
[    4.058027] PCCT header not found.
[    4.064531] ACPI: bus type PCI registered
[    4.065658] acpiphp: ACPI Hot Plug PCI Controller Driver version: 0.5
[    4.087429] PCI: Using configuration type 1 for base access
[    4.123469] ACPI: Added _OSI(Module Device)
[    4.165802] ACPI: Added _OSI(Processor Device)
[    4.184834] ACPI: Added _OSI(3.0 _SCP Extensions)
[    4.220918] ACPI: Added _OSI(Processor Aggregator Device)
[    4.257631] ACPI: Executed 1 blocks of module-level executable AML code
[    4.320732] ACPI: Interpreter enabled
[    4.333667] ACPI: (supports S0 S5)
[    4.335814] ACPI: Using IOAPIC for interrupt routing
[    4.371814] PCI: Using host bridge windows from ACPI; if necessary, use "pci=nocrs" and report a bug
[    4.439499] ACPI: PCI Root Bridge [PCI0] (domain 0000 [bus 00-ff])
[    4.485872] acpi PNP0A03:00: _OSC: OS supports [ASPM ClockPM Segments MSI]
[    4.487860] acpi PNP0A03:00: _OSC failed (AE_NOT_FOUND); disabling ASPM
[    4.536043] acpi PNP0A03:00: fail to add MMCONFIG information, can't access extended PCI configuration space under this bridge.
[    4.599741] PCI host bridge to bus 0000:00
[    4.606395] pci_bus 0000:00: root bus resource [io  0x0000-0x0cf7 window]
[    4.678564] pci_bus 0000:00: root bus resource [io  0x0d00-0xffff window]
[    4.743722] pci_bus 0000:00: root bus resource [mem 0x000a0000-0x000bffff window]
[    4.807373] pci_bus 0000:00: root bus resource [mem 0xe0000000-0xffdfffff window]
[    4.884670] pci_bus 0000:00: root bus resource [bus 00-ff]
[    4.889229] pci 0000:00:01.1: legacy IDE quirk: reg 0x10: [io  0x01f0-0x01f7]
[    4.927687] pci 0000:00:01.1: legacy IDE quirk: reg 0x14: [io  0x03f6]
[    4.944505] pci 0000:00:01.1: legacy IDE quirk: reg 0x18: [io  0x0170-0x0177]
[    4.957305] pci 0000:00:01.1: legacy IDE quirk: reg 0x1c: [io  0x0376]
[    5.024193] pci 0000:00:07.0: quirk: [io  0x4000-0x403f] claimed by PIIX4 ACPI
[    5.067406] pci 0000:00:07.0: quirk: [io  0x4100-0x410f] claimed by PIIX4 SMB
[    5.106904] ACPI: PCI Interrupt Link [LNKA] (IRQs 5 9 10 *11)
[    5.122968] ACPI: PCI Interrupt Link [LNKB] (IRQs 5 9 10 *11)
[    5.133060] ACPI: PCI Interrupt Link [LNKC] (IRQs 5 9 *10 11)
[    5.135692] ACPI: PCI Interrupt Link [LNKD] (IRQs 5 *9 10 11)
[    5.180225] ACPI: Enabled 2 GPEs in block 00 to 07
[    5.208824] vgaarb: setting as boot device: PCI:0000:00:02.0
[    5.235709] vgaarb: device added: PCI:0000:00:02.0,decodes=io+mem,owns=io+mem,locks=none
[    5.288269] vgaarb: loaded
[    5.317126] vgaarb: bridge control possible 0000:00:02.0
[    5.332323] SCSI subsystem initialized
[    5.348074] ACPI: bus type USB registered
[    5.376453] usbcore: registered new interface driver usbfs
[    5.426578] usbcore: registered new interface driver hub
[    5.470664] usbcore: registered new device driver usb
[    5.507823] PCI: Using ACPI for IRQ routing
[    5.529610] NetLabel: Initializing
[    5.563579] NetLabel:  domain hash size = 128
[    5.587743] NetLabel:  protocols = UNLABELED CIPSOv4
[    5.623833] NetLabel:  unlabeled traffic allowed by default
[    5.663790] amd_nb: Cannot enumerate AMD northbridges
[    5.677973] clocksource: Switched to clocksource kvm-clock
[    5.712330] AppArmor: AppArmor Filesystem Enabled
[    5.737433] pnp: PnP ACPI init
[    5.804487] pnp: PnP ACPI: found 3 devices
[    5.902598] clocksource: acpi_pm: mask: 0xffffff max_cycles: 0xffffff, max_idle_ns: 2085701024 ns
[    6.076132] NET: Registered protocol family 2
[    6.148504] TCP established hash table entries: 32768 (order: 6, 262144 bytes)
[    6.211336] TCP bind hash table entries: 32768 (order: 7, 524288 bytes)
[    6.306313] TCP: Hash tables configured (established 32768 bind 32768)
[    6.385844] UDP hash table entries: 2048 (order: 4, 65536 bytes)
[    6.487356] UDP-Lite hash table entries: 2048 (order: 4, 65536 bytes)
[    6.568687] NET: Registered protocol family 1
[    6.589221] pci 0000:00:00.0: Limiting direct PCI/PCI transfers
[    6.654303] pci 0000:00:01.0: Activating ISA DMA hang workarounds
[    6.686854] Trying to unpack rootfs image as initramfs...
[    8.892266] Freeing initrd memory: 10524K (ffff880036b62000 - ffff8800375a9000)
[    8.979674] PCI-DMA: Using software bounce buffering for IO (SWIOTLB)
[    9.036907] software IO TLB [mem 0xdbff0000-0xdfff0000] (64MB) mapped at [ffff8800dbff0000-ffff8800dffeffff]
[    9.040066] RAPL PMU detected, API unit is 2^-32 Joules, 4 fixed counters 10737418240 ms ovfl timer
[    9.185589] hw unit of domain pp0-core 2^-0 Joules
[    9.219847] hw unit of domain package 2^-0 Joules
[    9.234659] hw unit of domain dram 2^-0 Joules
[    9.251225] hw unit of domain pp1-gpu 2^-0 Joules
[    9.271666] platform rtc_cmos: registered platform RTC device (no PNP device found)
[    9.285567] Scanning for low memory corruption every 60 seconds
[    9.303098] futex hash table entries: 512 (order: 3, 32768 bytes)
[    9.312322] audit: initializing netlink subsys (disabled)
[    9.318739] audit: type=2000 audit(1484912319.634:1): initialized
[    9.328447] Initialise system trusted keyring
[    9.334659] HugeTLB registered 2 MB page size, pre-allocated 0 pages
[    9.354806] zbud: loaded
[    9.357300] VFS: Disk quotas dquot_6.6.0
[    9.377220] VFS: Dquot-cache hash table entries: 512 (order 0, 4096 bytes)
[    9.388959] squashfs: version 4.0 (2009/01/31) Phillip Lougher
[    9.394199] fuse init (API version 7.23)
[    9.398400] Key type big_key registered
[    9.408283] Allocating IMA MOK and blacklist keyrings.
[    9.415956] Key type asymmetric registered
[    9.418108] Asymmetric key parser 'x509' registered
[    9.420953] Block layer SCSI generic (bsg) driver version 0.4 loaded (major 249)
[    9.510992] io scheduler noop registered
[    9.557427] io scheduler deadline registered (default)
[    9.567797] io scheduler cfq registered
[    9.584583] pci_hotplug: PCI Hot Plug PCI Core version: 0.5
[    9.592420] pciehp: PCI Express Hot Plug Controller Driver version: 0.4
[    9.601687] ACPI: AC Adapter [AC] (on-line)
[    9.610023] input: Power Button as /devices/LNXSYSTM:00/LNXPWRBN:00/input/input0
[    9.624493] ACPI: Power Button [PWRF]
[    9.627756] input: Sleep Button as /devices/LNXSYSTM:00/LNXSLPBN:00/input/input1
[    9.633263] ACPI: Sleep Button [SLPF]
[    9.636499] GHES: HEST is not enabled!
[    9.637999] ACPI: Battery Slot [BAT0] (battery present)
[    9.652433] Serial: 8250/16550 driver, 32 ports, IRQ sharing enabled
[    9.676833] 00:02: ttyS0 at I/O 0x3f8 (irq = 4, base_baud = 115200) is a 16550A
[    9.702450] Linux agpgart interface v0.103
[    9.716307] brd: module loaded
[    9.728334] loop: module loaded
[    9.731202] scsi host0: ata_piix
[    9.735532] scsi host1: ata_piix
[    9.739852] ata1: PATA max UDMA/33 cmd 0x1f0 ctl 0x3f6 bmdma 0xd000 irq 14
[    9.744717] ata2: PATA max UDMA/33 cmd 0x170 ctl 0x376 bmdma 0xd008 irq 15
[    9.748101] libphy: Fixed MDIO Bus: probed
[    9.752056] tun: Universal TUN/TAP device driver, 1.6
[    9.786451] tun: (C) 1999-2004 Max Krasnyansky <maxk@qualcomm.com>
[    9.788195] PPP generic driver version 2.4.2
[    9.789502] ehci_hcd: USB 2.0 'Enhanced' Host Controller (EHCI) Driver
[    9.791262] ehci-pci: EHCI PCI platform driver
[    9.792559] ehci-platform: EHCI generic platform driver
[    9.794106] ohci_hcd: USB 1.1 'Open' Host Controller (OHCI) Driver
[    9.795878] ohci-pci: OHCI PCI platform driver
[    9.803145] ohci-platform: OHCI generic platform driver
[    9.804578] uhci_hcd: USB Universal Host Controller Interface driver
[    9.812075] i8042: PNP: PS/2 Controller [PNP0303:PS2K,PNP0f03:PS2M] at 0x60,0x64 irq 1,12
[    9.814935] serio: i8042 KBD port at 0x60,0x64 irq 1
[    9.838891] serio: i8042 AUX port at 0x60,0x64 irq 12
[    9.851898] mousedev: PS/2 mouse device common for all mice
[    9.912170] input: AT Translated Set 2 keyboard as /devices/platform/i8042/serio0/input/input2
[    9.924794] rtc_cmos rtc_cmos: rtc core: registered rtc_cmos as rtc0
[    9.924908] rtc_cmos rtc_cmos: alarms up to one day, 114 bytes nvram
[    9.924933] i2c /dev entries driver
[    9.925042] device-mapper: uevent: version 1.0.3
[    9.925168] device-mapper: ioctl: 4.34.0-ioctl (2015-10-28) initialised: dm-devel@redhat.com
[    9.925192] ledtrig-cpu: registered to indicate activity on CPUs
[    9.925632] NET: Registered protocol family 10
[    9.925874] NET: Registered protocol family 17
[    9.925890] Key type dns_resolver registered
[    9.926103] microcode: CPU0 sig=0x40651, pf=0x40, revision=0x0
[    9.937225] microcode: CPU1 sig=0x40651, pf=0x40, revision=0x0
[    9.937365] microcode: Microcode Update Driver: v2.01 <tigran@aivazian.fsnet.co.uk>, Peter Oruba
[    9.937564] registered taskstats version 1
[    9.937584] Loading compiled-in X.509 certificates
[    9.938592] Loaded X.509 cert 'Build time autogenerated kernel key: 6ffa6bfaa152a74cd2b6aa1e188cb999d8f5632b'
[    9.938626] zswap: loaded using pool lzo/zbud
[    9.940833] Key type trusted registered
[    9.945262] Key type encrypted registered
[    9.945272] AppArmor: AppArmor sha1 policy hashing enabled
[    9.945276] ima: No TPM chip found, activating TPM-bypass!
[    9.945308] evm: HMAC attrs: 0x1
[    9.945904]   Magic number: 1:219:631
[    9.953434] rtc_cmos rtc_cmos: setting system clock to 2017-01-20 11:38:40 UTC (1484912320)
[    9.953714] BIOS EDD facility v0.16 2004-Jun-25, 0 devices found
[    9.953715] EDD information not available.
[   10.259618] Freeing unused kernel memory: 1488K (ffffffff81f44000 - ffffffff820b8000)
[   10.290481] Write protecting the kernel read-only data: 14336k
[   10.301571] tsc: Refined TSC clocksource calibration: 2399.973 MHz
[   10.444463] clocksource: tsc: mask: 0xffffffffffffffff max_cycles: 0x22981e0c6a0, max_idle_ns: 440795246805 ns
[   10.450381] Freeing unused kernel memory: 1792K (ffff880001840000 - ffff880001a00000)
[   10.460861] Freeing unused kernel memory: 136K (ffff880001dde000 - ffff880001e00000)
Loading, please wait...
starting version[   10.499673] random: systemd-udevd: uninitialized urandom read (16 bytes read, 3 bits of entropy available)
 229
[   10.502440] random: udevadm: uninitialized urandom read (16 bytes read, 3 bits of entropy available)
[   10.502507] random: udevadm: uninitialized urandom read (16 bytes read, 3 bits of entropy available)
[   10.502712] random: udevadm: uninitialized urandom read (16 bytes read, 3 bits of entropy available)
[   10.502789] random: udevadm: uninitialized urandom read (16 bytes read, 3 bits of entropy available)
[   10.502859] random: udevadm: uninitialized urandom read (16 bytes read, 3 bits of entropy available)
[   10.502929] random: udevadm: uninitialized urandom read (16 bytes read, 3 bits of entropy available)
[   10.502997] random: udevadm: uninitialized urandom read (16 bytes read, 3 bits of entropy available)
[   10.503065] random: udevadm: uninitialized urandom read (16 bytes read, 3 bits of entropy available)
[   10.503132] random: udevadm: uninitialized urandom read (16 bytes read, 3 bits of entropy available)
[   10.918519] e1000: Intel(R) PRO/1000 Network Driver - version 7.3.21-k8-NAPI
[   10.923936] e1000: Copyright (c) 1999-2006 Intel Corporation.
[   11.093933] Fusion MPT base driver 3.04.20
[   11.106893] Copyright (c) 1999-2008 LSI Corporation
[   11.162934] Fusion MPT SPI Host driver 3.04.20
[   11.288418] AVX version of gcm_enc/dec engaged.
[   11.294355] AES CTR mode by8 optimization enabled
[   11.359937] input: ImExPS/2 Generic Explorer Mouse as /devices/platform/i8042/serio1/input/input4
[   11.664894] e1000 0000:00:03.0 eth0: (PCI:33MHz:32-bit) 02:ae:6d:d4:e4:a7
[   11.672796] e1000 0000:00:03.0 eth0: Intel(R) PRO/1000 Network Connection
[   11.678440] mptbase: ioc0: Initiating bringup
[   11.749510] ioc0: LSI53C1030 A0: Capabilities={Initiator}
[   11.968301] scsi host2: ioc0: LSI53C1030 A0, FwRev=00000000h, Ports=1, MaxQ=256, IRQ=20
[   12.197474] scsi 2:0:0:0: Direct-Access     VBOX     HARDDISK         1.0  PQ: 0 ANSI: 5
[   12.297651] scsi target2:0:0: Beginning Domain Validation
[   12.389260] scsi target2:0:0: Domain Validation skipping write tests
[   12.441193] scsi target2:0:0: Ending Domain Validation
[   12.445837] scsi target2:0:0: asynchronous
[   12.452277] scsi 2:0:1:0: Direct-Access     VBOX     HARDDISK         1.0  PQ: 0 ANSI: 5
[   12.459296] scsi target2:0:1: Beginning Domain Validation
[   12.507784] scsi target2:0:1: Domain Validation skipping write tests
[   12.543825] scsi target2:0:1: Ending Domain Validation
[   12.549160] scsi target2:0:1: asynchronous
[   12.889649] sd 2:0:0:0: Attached scsi generic sg0 type 0
[   12.913107] sd 2:0:0:0: [sda] 20971520 512-byte logical blocks: (10.7 GB/10.0 GiB)
[   12.927339] sd 2:0:0:0: [sda] Write Protect is off
[   12.943684] sd 2:0:1:0: Attached scsi generic sg1 type 0
[   12.952069] sd 2:0:1:0: [sdb] 20480 512-byte logical blocks: (10.5 MB/10.0 MiB)
[   12.959628] sd 2:0:1:0: [sdb] Write Protect is off
[   12.967428] sd 2:0:1:0: [sdb] Incomplete mode parameter data
[   12.967431] sd 2:0:1:0: [sdb] Assuming drive cache: write through
[   12.986632] sd 2:0:0:0: [sda] Incomplete mode parameter data
[   12.986635] sd 2:0:0:0: [sda] Assuming drive cache: write through
[   13.027763]  sda: sda1
[   13.032659] sd 2:0:1:0: [sdb] Attached SCSI disk
[   13.036593] sd 2:0:0:0: [sda] Attached SCSI disk
[   13.136771] e1000 0000:00:08.0 eth1: (PCI:33MHz:32-bit) 08:00:27:13:58:bc
[   13.197484] e1000 0000:00:08.0 eth1: Intel(R) PRO/1000 Network Connection
[   13.217655] e1000 0000:00:03.0 enp0s3: renamed from eth0
[   13.232554] e1000 0000:00:08.0 enp0s8: renamed from eth1
[   14.122217] floppy0: no floppy controllers found
Begin: Loading e[   15.586511] md: linear personality registered for level -1
ssential drivers[   15.623841] md: multipath personality registered for level -4
 ... [   15.712644] md: raid0 personality registered for level 0
[   15.758053] md: raid1 personality registered for level 1
[   15.854365] raid6: sse2x1   gen()  7351 MB/s
[   15.942538] raid6: sse2x1   xor()  5164 MB/s
[   16.046189] raid6: sse2x2   gen()  8433 MB/s
[   16.117985] raid6: sse2x2   xor()  5658 MB/s
[   16.198247] raid6: sse2x4   gen() 10023 MB/s
[   16.290283] raid6: sse2x4   xor()  6626 MB/s
[   16.304260] raid6: using algorithm sse2x4 gen() 10023 MB/s
[   16.305632] raid6: .... xor() 6626 MB/s, rmw enabled
[   16.311056] raid6: using ssse3x2 recovery algorithm
[   16.356760] xor: automatically using best checksumming function:
[   16.410147]    avx       : 15314.000 MB/sec
[   16.428177] async_tx: api initialized (async)
[   16.459603] md: raid6 personality registered for level 6
[   16.477111] md: raid5 personality registered for level 5
[   16.506910] md: raid4 personality registered for level 4
[   16.538364] md: raid10 personality registered for level 10
done.
Begin: Running /scripts/init-premount ... done.
Begin: Mounting root file system ... Begin: Running /scripts/local-top ... done.
Begin: Running /scripts/local-premount ... [   16.596077] Btrfs loaded
Scanning for Btrfs filesystems
done.
Warning: fsck no[   16.666712] EXT4-fs (sda1): mounted filesystem with ordered data mode. Opts: (null)
t present, so skipping root file system
done.
Begin: Running /scripts/local-bottom ... done.
Begin: Running /scripts/init-bottom ... done.
[   16.815075] systemd[1]: systemd 229 running in system mode. (+PAM +AUDIT +SELINUX +IMA +APPARMOR +SMACK +SYSVINIT +UTMP +LIBCRYPTSETUP +GCRYPT +GNUTLS +ACL +XZ -LZ4 +SECCOMP +BLKID +ELFUTILS +KMOD -IDN)
[   16.913156] systemd[1]: Detected virtualization oracle.
[   16.928868] systemd[1]: Detected architecture x86-64.

Welcome to [1mUbuntu 16.04.1 LTS[0m!

[   16.978960] systemd[1]: Set hostname to <ubuntu>.
[   16.996038] systemd[1]: Initializing machine ID from random generator.
[   17.048579] systemd[1]: Installed transient /etc/machine-id file.
[   17.191942] systemd[1]: Reached target Encrypted Volumes.
[[0;32m  OK  [0m] Reached target Encrypted Volumes.
[   17.234254] systemd[1]: Reached target User and Group Name Lookups.
[[0;32m  OK  [0m] Reached target User and Group Name Lookups.
[   17.297202] systemd[1]: Listening on Journal Audit Socket.
[[0;32m  OK  [0m] Listening on Journal Audit Socket.
[   17.342452] systemd[1]: Listening on LVM2 metadata daemon socket.
[[0;32m  OK  [0m] Listening on LVM2 metadata daemon socket.
[   17.398691] systemd[1]: Created slice System Slice.
[[0;32m  OK  [0m] Created slice System Slice.
[   17.454249] systemd[1]: Listening on udev Kernel Socket.
[[0;32m  OK  [0m] Listening on udev Kernel Socket.
[   17.494710] systemd[1]: Listening on LVM2 poll daemon socket.
[[0;32m  OK  [0m] Listening on LVM2 poll daemon socket.
[   17.538515] systemd[1]: Set up automount Arbitrary Executable File Formats File System Automount Point.
[[0;32m  OK  [0m] Set up automount Arbitrary Executab...ats File System Automount Point.
[   17.630947] systemd[1]: Created slice User and Session Slice.
[[0;32m  OK  [0m] Created slice User and Session Slice.
[   17.727142] systemd[1]: Created slice system-serial\x2dgetty.slice.
[[0;32m  OK  [0m] Created slice system-serial\x2dgetty.slice.
[   17.801341] systemd[1]: Listening on Journal Socket.
[[0;32m  OK  [0m] Listening on Journal Socket.
[   17.882570] systemd[1]: Starting Create list of required static device nodes for the current kernel...
         Starting Create list of required st... nodes for the current kernel...
[   17.980433] systemd[1]: Starting Remount Root and Kernel File Systems...
         Starting Remount[   18.077601] EXT4-fs (sda1): re-mounted. Opts: (null)
 Root and Kernel File Systems...
[   18.162372] systemd[1]: Mounting Huge Pages File System...
         Mounting Huge Pages File System...
[   18.246430] systemd[1]: Starting Set console keymap...
         Starting Set console keymap...
[   18.346626] systemd[1]: Mounting POSIX Message Queue File System...
         Mounting POSIX Message Queue File System...
[   18.442400] systemd[1]: Starting Load Kernel Modules...
         Starting Load Ke[   18.506499] Loading iSCSI transport class v2.0-870.
rnel Modules...
[   18.527137] iscsi: registered transport (tcp)
[   18.588681] systemd[1]: Listening on Syslog Socket.
[[0;32m  OK  [0m] Listening on Syslog Socket.
[   18.615861] systemd[1]: Reached target Swap.
[[0;32m  OK  [0m] Reached target Swap.
[   18.684651] iscsi: registered transport (iser)
[   18.698393] systemd[1]: Mounting Debug File System...
         Mounting Debug File System...
[   18.758487] systemd[1]: Listening on Device-mapper event daemon FIFOs.
[[0;32m  OK  [0m] Listening on Device-mapper event daemon FIFOs.
[   18.874516] systemd[1]: Starting Monitoring of LVM2 mirrors, snapshots etc. using dmeventd or progress polling...
[   18.955111] random: nonblocking pool is initialized
         Starting Monitoring of LVM2 mirrors... dmeventd or progress polling...
[   19.066215] systemd[1]: Starting Nameserver information manager...
         Starting Nameserver information manager...
[   19.092003] systemd[1]: Starting Uncomplicated firewall...
         Starting Uncomplicated firewall...
[   19.142469] systemd[1]: Listening on udev Control Socket.
[[0;32m  OK  [0m] Listening on udev Control Socket.
[   19.214536] systemd[1]: Listening on Journal Socket (/dev/log).
[[0;32m  OK  [0m] Listening on Journal Socket (/dev/log).
[   19.254564] systemd[1]: Starting Journal Service...
         Starting Journal Service...
[   19.273715] systemd[1]: Listening on /dev/initctl Compatibility Named Pipe.
[[0;32m  OK  [0m] Listening on /dev/initctl Compatibility Named Pipe.
[   19.310995] systemd[1]: Reached target Slices.
[[0;32m  OK  [0m] Reached target Slices.
[   19.316361] systemd[1]: Started Forward Password Requests to Wall Directory Watch.
[[0;32m  OK  [0m] Started Forward Password Requests to Wall Directory Watch.
[   19.393346] systemd[1]: Mounted POSIX Message Queue File System.
[[0;32m  OK  [0m] Mounted POSIX Message Queue File System.
[   19.499729] systemd[1]: Mounted Debug File System.
[[0;32m  OK  [0m] Mounted Debug File System.
[   19.522405] systemd[1]: Mounted Huge Pages File System.
[[0;32m  OK  [0m] Mounted Huge Pages File System.
[   19.560518] systemd[1]: Started Journal Service.
[[0;32m  OK  [0m] Started Journal Service.
[[0;32m  OK  [0m] Started Create list of required sta...ce nodes for the current kernel.
[[0;32m  OK  [0m] Started Remount Root and Kernel File Systems.
[[0;32m  OK  [0m] Started Set console keymap.
[[0;32m  OK  [0m] Started Load Kernel Modules.
[[0;32m  OK  [0m] Started Uncomplicated firewall.
[[0;32m  OK  [0m] Started Nameserver information manager.
[[0;32m  OK  [0m] Started LVM2 metadata daemon.
         Starting Apply Kernel Variables...
         Mounting FUSE Control File System...
         Starting Initial cloud-init job (pre-networking)...
         Starting udev Coldplug all Devices...
         Starting Load/Save Random Seed...
         Starting Create Static Device Nodes in /dev...
         Starting Flush Journal to Persistent Storage...
[[0;32m  OK  [0m] Mounted FUSE Control File System.
[[0;32m  OK  [0m] Started Apply Kernel Variables.
[[0;32m  OK  [0m] Started Load/Save Random Seed.
[[0;32m  OK  [0m] Started Create Static Device Nodes in /dev.
[[0;32m  OK  [0m] Started udev Coldplug all Devices.
[[0;32m  OK  [0m] Started Monitoring of LVM2 mirrors,...ng dmeventd or progress polling.
[[0;32m  OK  [0m] Started Flush Journal to Persistent Storage.
         Starting udev Kernel Device Manager...
[[0;32m  OK  [0m] Started udev Kernel Device Manager.
[[0;32m  OK  [0m] Started Dispatch Password Requests to Console Directory Watch.
[[0;32m  OK  [0m] Reached target Local File Systems (Pre).
[[0;32m  OK  [0m] Reached target Local File Systems.
         Starting Set console font and keymap...
         Starting Tell Plymouth To Write Out Runtime Data...
         Starting LSB: AppArmor initialization...
         Starting Commit a transient machine-id on disk...
         Starting Create Volatile Files and Directories...
[[0;32m  OK  [0m] Started Tell Plymouth To Write Out Runtime Data.
[[0;32m  OK  [0m] Started Commit a transient machine-id on disk.
[[0;32m  OK  [0m] Started Create Volatile Files and Directories.
         Starting Update UTMP about System Boot/Shutdown...
[[0;32m  OK  [0m] Reached target System Time Synchronized.
[[0;32m  OK  [0m] Started Update UTMP about System Boot/Shutdown.
[[0;32m  OK  [0m] Found device /dev/ttyS0.
[[0;32m  OK  [0m] Started Set console font and keymap.
[[0;32m  OK  [0m] Created slice system-getty.slice.
[   17.546514] cloud-init[471]: Cloud-init v. 0.7.8 running 'init-local' at Fri, 20 Jan 2017 11:38:51 +0000. Up 16.39 seconds.
[[0;32m  OK  [0m] Listening on Load/Save RF Kill Switch Status /dev/rfkill Watch.
[[0;32m  OK  [0m] Started Initial cloud-init job (pre-networking).
[[0;32m  OK  [0m] Started LSB: AppArmor initialization.
[[0;32m  OK  [0m] Reached target Network (Pre).
         Starting Raise network interfaces...
[[0;32m  OK  [0m] Started Raise network interfaces.
         Starting Initial cloud-init job (metadata service crawler)...
[[0;32m  OK  [0m] Reached target Network.
[   20.559177] cloud-init[1052]: Cloud-init v. 0.7.8 running 'init' at Fri, 20 Jan 2017 11:38:55 +0000. Up 19.69 seconds.
[   20.641041] cloud-init[1052]: ci-info: ++++++++++++++++++++++++++++++++++++++Net device info++++++++++++++++++++++++++++++++++++++
[   20.641730] cloud-init[1052]: ci-info: +--------+-------+----------------------------+---------------+-------+-------------------+
[[0;32m  OK  [0m] Started Initial cloud-init job (metadata service crawler).
[   20.641891] cloud-init[1052]: ci-info: | Device |   Up  |          Address           |      Mask     | Scope |     Hw-Address    |
[   20.884643] cloud-init[1052]: ci-info: +--------+-------+----------------------------+---------------+-------+-------------------+
[   20.884991] cloud-init[1052]: ci-info: | enp0s3 |  True |         10.0.2.15          | 255.255.255.0 |   .   | 02:ae:6d:d4:e4:a7 |
[[0;32m  OK  [0m] Reached target Cloud-config availability.
[[   20.885409] cloud-init[1052]: ci-info: | enp0s3 |  True | fe80::ae:6dff:fed4:e4a7/64 |       .       |  link | 02:ae:6d:d4:e4:a7 |
[   21.013450] cloud-init[1052]: ci-info: | enp0s8 | False |             .              |       .       |   .   | 08:00:27:13:58:bc |
[0;32m  OK  [0m] Reached target Network is Online.
[   21.013558] cloud-init[1052]: ci-info: |   lo   |  True |         127.0.0.1          |   255.0.0.0   |   .   |         .         |
[   21.324526] cloud-init[1052]: ci-info: |   lo   |  True |          ::1/128           |       .       |  host |         .         |
[   21.324916] cloud-init[1052]: ci-info: +--------+-------+----------------------------+---------------+-------+-------------------+
         Starting iSCSI initiator daemon (iscsid)...
[   21.325167] cloud-init[1052]: ci-info: +++++++++++++++++++++++++++Route IPv4 info++++++++++++++++++++++++++++
[   21.544957] cloud-init[1052]: ci-info: +-------+-------------+----------+---------------+-----------+-------+
[[0;32m  OK  [0m] Reached target System Initialization.
[[   21.545119] cloud-init[1052]: ci-info: | Route | Destination | Gateway  |    Genmask    | Interface | Flags |
[   21.669637] cloud-init[1052]: ci-info: +-------+-------------+----------+---------------+-----------+-------+
[   21.669833] [0;32m  OK  [0mcloud-init] [1052]: Listening on D-Bus System Message Bus Socket.ci-info: |   0   |   0.0.0.0   | 10.0.2.2 |    0.0.0.0    |   enp0s3  |   UG  |

[   21.852839] cloud-init[1052]: ci-info: |   1   |   10.0.2.0  | 0.0.0.0  | 255.255.255.0 |   enp0s3  |   U   |
[   21.853209] cloud-init[1052]: ci-info: +-------+-------------+----------+---------------+-----------+-------+
[[0;32m  OK  [0m] Started Daily Cleanup of Temporary Directories.
[[   21.853683] cloud-init[1052]: Generating public/private rsa key pair.
[   22.041533] cloud-init[1052]: Your identification has been saved in /etc/ssh/ssh_host_rsa_key.
[0;32m  OK  [0m] Listening on UUID daemon activation socket.
[[   22.041721] cloud-init[1052]: Your public key has been saved in /etc/ssh/ssh_host_rsa_key.pub.
[   22.169167] cloud-init[1052]: The key fingerprint is:
[0;32m  OK  [0m] Started Timer to automatically refresh installed snaps.
[[   22.169256] cloud-init[1052]: SHA256:CImDOKv0CGeUyvO7lIxD2WZMwxLXnTLdBZbkGzgagIA root@ubuntu-xenial
[   22.289220] cloud-init[1052]: The key's randomart image is:
[0;32m  OK  [0m] Started Trigger resolvconf update for networkd DNS.
[   22.289351] cloud-init[1052]: +---[RSA 2048]----+
[   22.416962] cloud-init[1052]: |+..o. o +++.     |
[[0;32m  OK  [0m] [   22.417318] Started ACPI Events Check.cloud-init
[1052]: |Eo+o.= ++o       |
[[   22.508907] cloud-init[1052]: |+.=+o.oo o       |
[   22.509538] cloud-init[1052]: |.=*...o.. o      |
[0;32m  OK  [0m] Reached target Paths.
[[   22.509768] cloud-init[1052]: |+*o= .. S.       |
[   22.605340] cloud-init[1052]: |=oX .            |
[0;32m  OK  [0m] Listening on ACPID Listen Socket.
         Starting LXD - unix socket.
[[0;32m  OK  [0m] Started Daily apt activities.
[[0;32m  OK  [0m] Reached target Timers.
         Starting Socket activation for snappy daemon.
[   22.605434] cloud-init[1052]: |.+ *             |
[[0;32m  OK  [0m] Listening on LXD - unix socket.
[   22.828233] cloud-init[1052]: |  o .            |
[[0;32m  OK  [0m] Listening on Socket activation for snappy daemon.
[[0;32m  OK  [0m] Started iSCSI initiator daemon (iscsid).
[   22.880728] cloud-init[1052]: |   o.            |
[   22.904829] cloud-init[1052]: +----[SHA256]-----+
         Starting Login to default iSCSI targets...
[[0;32m  OK  [0m] Reached target Sockets.
[[0;32m  OK  [0m] Reached target Basic System.
[   22.933750] cloud-init[1052]: Generating public/private dsa key pair.
[[0;32m  OK  [0m] Started D-Bus System Message Bus.
[   23.013503] cloud-init[1052]: Your identification has been saved in /etc/ssh/ssh_host_dsa_key.
         Starting LSB: Record successful boot for GRUB...
[   23.087460] cloud-init[1052]: Your public key has been saved in /etc/ssh/ssh_host_dsa_key.pub.
[   23.164615] cloud-init[1052]: The key fingerprint is:
[   23.228347] cloud-init[1052]: SHA256:UGsUKmJjsZ6tH14rFCusXouhtISti6pg3e18Lt+hYVE root@ubuntu-xenial
[   23.228511] cloud-init[1052]: The key's randomart image is:
[   23.228773] cloud-init[1052]: +---[DSA 1024]----+
[   23.228863] cloud-init[1052]: |  .     +.       |
[   23.228937] cloud-init[1052]: |   o   + .       |
[   23.228998] cloud-init[1052]: |  * . o o  E     |
[   23.229052] cloud-init[1052]: | + =.. o  .      |
[   23.229112] cloud-init[1052]: | .o .o  S.       |
[   23.229176] cloud-init[1052]: |..+.+ .   .      |
[   23.229242] cloud-init[1052]: |o*o=.... o .     |
[   23.229307] cloud-init[1052]: |O.=ooooo..+ .    |
[   23.229371] cloud-init[1052]: |@= .o..o=+ .     |
[   23.229436] cloud-init[1052]: +----[SHA256]-----+
[   23.229507] cloud-init[1052]: Generating public/private ecdsa key pair.
[   23.229567] cloud-init[1052]: Your identification has been saved in /etc/ssh/ssh_host_ecdsa_key.
[   23.229623] cloud-init[1052]: Your public key has been saved in /etc/ssh/ssh_host_ecdsa_key.pub.
[   23.229681] cloud-init[1052]: The key fingerprint is:
[   23.229736] cloud-init[1052]: SHA256:mqDEdKAZJWuH8kjbzf4fjfhZVMvIppU03B4XUlFyzvw root@ubuntu-xenial
[   23.229793] cloud-init[1052]: The key's randomart image is:
[   23.229853] cloud-init[1052]: +---[ECDSA 256]---+
[   23.229913] cloud-init[1052]: |o.o          .o+=|
[   23.229981] cloud-init[1052]: | *..      . . .*.|
[   23.230529] cloud-init[1052]: |=+...      + + .+|
[   23.230674] cloud-init[1052]: |+=+.o     o B + .|
[   23.230843] cloud-init[1052]: |..+..o  S  B +  E|
[   23.230912] cloud-init[1052]: | . ... o. B      |
[   23.230977] cloud-init[1052]: |  .  .o. + o     |
[   23.231037] cloud-init[1052]: |      . . +      |
[   23.231108] cloud-init[1052]: |       ..+       |
[   23.231170] cloud-init[1052]: +----[SHA256]-----+
[   23.231235] cloud-init[1052]: Generating public/private ed25519 key pair.
[   23.231305] cloud-init[1052]: Your identification has been saved in /etc/ssh/ssh_host_ed25519_key.
[   23.231369] cloud-init[1052]: Your public key has been saved in /etc/ssh/ssh_host_ed25519_key.pub.
[   23.231436] cloud-init[1052]: The key fingerprint is:
[   23.231502] cloud-init[1052]: SHA256:Va82QOoWsJ3fmVy1ABAQGRNhU2de7zU7ZcNaeumZpSs root@ubuntu-xenial
[   23.231570] cloud-init[1052]: The key's randomart image is:
[   23.231621] cloud-init[1052]: +--[ED25519 256]--+
[   23.231675] cloud-init[1052]: |      .XO+++oo  .|
[   23.231733] cloud-init[1052]: |      .=o++...+..|
[   23.231787] cloud-init[1052]: |      . = o.  oB+|
[   23.231842] cloud-init[1052]: |       . + + ==.B|
[   23.231903] cloud-init[1052]: |        S . Oo *.|
[   23.231957] cloud-init[1052]: |       .   . .o.=|
         Starting Apply the settings specified in cloud-config...
[   23.232170] cloud-init[1052]: |              .+ |
[   24.083522] cloud-init[1052]: |            E  . |
         Starting LSB: MD monitoring daemon...
[   24.116889] cloud-init[1052]: |             ..  |
         Starting Pollinate to seed the pseudo random number generator...
[   24.162051] cloud-init[1052]: +----[SHA256]-----+
         Starting Login Service...
[[0;32m  OK  [0m] Started Snappy daemon.
[[0;32m  OK  [0m] Started ACPI event daemon.
[[0;32m  OK  [0m] Started Regular background program processing daemon.
[[0;32m  OK  [0m] Started FUSE filesystem for LXC.
         Starting System Logging Service...
[[0;32m  OK  [0m] Started Deferred execution scheduler.
         Starting Auto import assertions from block devices...
         Starting Accounts Service...
         Starting /etc/rc.local Compatibility...
[   24.614827]          cloud-initStarting LXD - container startup/shutdown...[1157]: 
Generating locales (this might take a while)...
[[0;32m  OK  [0m] Started System Logging Service.
[[0;32m  OK  [0m] Started Auto import assertions from block devices.
[[0;32m  OK  [0m] Started /etc/rc.local Compatibility.
[[0;32m  OK  [0m] Started LSB: Record successful boot for GRUB.
[[0;32m  OK  [0m] Started LXD - container startup/shutdown.
[[0;32m  OK  [0m] Started Login to default iSCSI targets.
[[0;32m  OK  [0m] Started LSB: MD monitoring daemon.
[[0;32m  OK  [0m] Started Pollinate to seed the pseudo random number generator.
[[0;32m  OK  [0m] Started Login Service.
         Starting Authenticate and Authorize Users to Run Privileged Tasks...
         Starting OpenBSD Secure Shell server...
[[0;32m  OK  [0m] Reached target Remote File Systems (Pre).
[[0;32m  OK  [0m] Reached target Remote File Systems.
         Starting LSB: Set the CPU Frequency Scaling governor to "ondemand"...
         Starting LSB: automatic crash report generation...
         Starting LSB: daemon to balance interrupts for SMP systems...
         Starting Permit User Sessions...
         Starting LSB: VirtualBox Linux Additions...
[[0;32m  OK  [0m] Started OpenBSD Secure Shell server.
[[0;32m  OK  [0m] Started Permit User Sessions.
[[0;32m  OK  [0m] Started Authenticate and Authorize Users to Run Privileged Tasks.
[[0;32m  OK  [0m] Started Accounts Service.
[[0;32m  OK  [0m] Started LSB: Set the CPU Frequency Scaling governor to "ondemand".
[[0;32m  OK  [0m] Started LSB: automatic crash report generation.
         Starting Terminate Plymouth Boot Screen...
         Starting Hold until boot process finishes up...
[[0;32m  OK  [0m] Started LSB: daemon to balance interrupts for SMP systems.
[[0;32m  OK  [0m] Started Terminate Plymouth Boot Screen.
[[0;32m  OK  [0m] Started LSB: VirtualBox Linux Additions.
[[0;32m  OK  [0m] Started Hold until boot process finishes up.
[[0;32m  OK  [0m] Started Serial Getty on ttyS0.
         Starting Set console scheme...
[[0;32m  OK  [0m] Started Getty on tty1.
[[0;32m  OK  [0m] Reached target Login Prompts.
[[0;32m  OK  [0m] Reached target Multi-User System.
[[0;32m  OK  [0m] Reached target Graphical Interface.
         Starting Update UTMP about System Runlevel Changes...
[[0;32m  OK  [0m] Started Set console scheme.
[[0;32m  OK  [0m] Started Update UTMP about System Runlevel Changes.
[   26.791670] cloud-init[1157]:   en_US.UTF-8... done
[   26.816583] cloud-init[1157]: Generation complete.
         Stopping OpenBSD Secure Shell server...
[[0;32m  OK  [0m] Stopped OpenBSD Secure Shell server.
         Starting OpenBSD Secure Shell server...
[[0;32m  OK  [0m] Started OpenBSD Secure Shell server.
[[0;32m  OK  [0m] Created slice User Slice of ubuntu.
         Starting User Manager for UID 1000...
[[0;32m  OK  [0m] Started Session 1 of user ubuntu.
[[0;32m  OK  [0m] Started User Manager for UID 1000.
[   27.609376] cloud-init[1157]: Cloud-init v. 0.7.8 running 'modules:config' at Fri, 20 Jan 2017 11:38:59 +0000. Up 24.18 seconds.
[[0;32m  OK  [0m] Started Apply the settings specified in cloud-config.
         Starting Execute cloud user/final scripts...
ci-info: no authorized ssh keys fingerprints found for user ubuntu.
<14>Jan 20 11:39:04 ec2: 
<14>Jan 20 11:39:04 ec2: #############################################################
<14>Jan 20 11:39:04 ec2: -----BEGIN SSH HOST KEY FINGERPRINTS-----
<14>Jan 20 11:39:04 ec2: 1024 SHA256:UGsUKmJjsZ6tH14rFCusXouhtISti6pg3e18Lt+hYVE root@ubuntu-xenial (DSA)
<14>Jan 20 11:39:04 ec2: 256 SHA256:mqDEdKAZJWuH8kjbzf4fjfhZVMvIppU03B4XUlFyzvw root@ubuntu-xenial (ECDSA)
<14>Jan 20 11:39:04 ec2: 256 SHA256:Va82QOoWsJ3fmVy1ABAQGRNhU2de7zU7ZcNaeumZpSs root@ubuntu-xenial (ED25519)
<14>Jan 20 11:39:04 ec2: 2048 SHA256:CImDOKv0CGeUyvO7lIxD2WZMwxLXnTLdBZbkGzgagIA root@ubuntu-xenial (RSA)
<14>Jan 20 11:39:04 ec2: -----END SSH HOST KEY FINGERPRINTS-----
<14>Jan 20 11:39:04 ec2: #############################################################
-----BEGIN SSH HOST KEY KEYS-----
ecdsa-sha2-nistp256 AAAAE2VjZHNhLXNoYTItbmlzdHAyNTYAAAAIbmlzdHAyNTYAAABBBDqIgLzZSLOvs2nvelJu88wRot8dt8UjCz70eehPHvzqclvoN6eE9GT0sO9eH49uXc7P/dwjBb4VGe+7whHbTOQ= root@ubuntu-xenial
ssh-ed25519 AAAAC3NzaC1lZDI1NTE5AAAAIJI3VhDSLcPyZLgt0CnbEQc9eLT/4dR5pJydAqlIAZM+ root@ubuntu-xenial
ssh-rsa AAAAB3NzaC1yc2EAAAADAQABAAABAQDiRtVIMKcbysL7qE3dJvYFYPbcwyh17j5mo8tP8d8ChLIQNfX51MRi7/CxipW8MNShyv7Bf8kLo2JkLHCcvs/l/Ox/NnBe3/zJrGYYj0NRGN0quFgVDH+2Ko7IjVYBR1fJ/3MFLl2k39LQ7D5bhx32gk+ZpxK8OfAXtQ3DpVBUKEDwHihY9LbV9svkCGX6Hne6NyFtg+pOUSK6VEmKYbz1SoPZMk9+uA9NBawwwbRevYybGQf3b+BEtJ8uXDh61EkbTtntZigvQVctVTuTeEpic4adR21I/KOyIrvFzzm9z/FvaXZjyChY7f5i2ONmV9MFHxwkqSPtJtLMjjtJF1rB root@ubuntu-xenial
-----END SSH HOST KEY KEYS-----
[   28.954944] cloud-init[1488]: Cloud-init v. 0.7.8 running 'modules:final' at Fri, 20 Jan 2017 11:39:03 +0000. Up 28.35 seconds.
[   28.968732] cloud-init[1488]: ci-info: no authorized ssh keys fingerprints found for user ubuntu.
[   28.972422] cloud-init[1488]: Cloud-init v. 0.7.8 finished at Fri, 20 Jan 2017 11:39:04 +0000. Datasource DataSourceNoCloud [seed=/dev/sdb][dsmode=net].  Up 28.93 seconds
[[0;32m  OK  [0m] Started Execute cloud user/final scripts.
[[0;32m  OK  [0m] Reached target Cloud-init target.

Ubuntu 16.04.1 LTS ubuntu-xenial ttyS0

ubuntu-xenial login: 